### User
~~~md
<attachments>
<attachment id="file" filePath="/workspace/file.ts">
line 1
line 2

line 4
line 5
</attachment>

</attachments>
<context>
(Date removed from snapshot)
</context>
<reminderInstructions>
When you need a decision that is genuinely the author's, ask it with vscode_askQuestions, with the concrete options you are weighing and which one you would pick. Asking in your reply instead ends the turn; the tool answers inside it.
Everything you can settle by reading the manuscript or the story bible, settle that way instead of asking.
Otherwise carry on to the end of what was asked. Do not stop after one step to report progress.

</reminderInstructions>
<userRequest>
edit this file
</userRequest>


[copilot_cache_control: { type: 'ephemeral' }]
~~~


### Assistant
~~~md
ok
🛠️ insert_edit_into_file (tooluse_1) {
  "filePath": "/workspace/file.ts",
  "code": "// existing code...
console.log('hi')"
}
~~~


### Tool
~~~md
🛠️ tooluse_1
success
~~~


### Assistant
~~~md
ok 2
🛠️ insert_edit_into_file (tooluse_2) {
  "filePath": "/workspace/file.ts",
  "code": "// existing code...
console.log('hi')"
}
~~~


### Tool
~~~md
🛠️ tooluse_2
success

[copilot_cache_control: { type: 'ephemeral' }]
~~~


### User
~~~md
Summarize the writing session so far, paying special attention to the most recent edits and revision results that triggered this summarization. Structure your summary using the enhanced format provided in the system message.
Focus particularly on:
- The specific edits and revisions that were just performed
- The outcomes from these recent revisions (truncate if very long but preserve key information)
- What manuscript work was underway when the token budget was exceeded
- How these recent revisions connect to the overall narrative goals
Include all important revisions and their outcomes as part of the appropriate sections, with special emphasis on the most recent changes.

[copilot_cache_control: { type: 'ephemeral' }]
~~~
